components/client/DashboardHeader.tsx(71,51): error TS2339: Property 'badge' does not exist on type '{ icon: ForwardRefExoticComponent<Omit<LucideProps, "ref"> & RefAttributes<SVGSVGElement>>; label: string; href: string; }'.
components/client/DashboardHeader.tsx(73,59): error TS2339: Property 'badge' does not exist on type '{ icon: ForwardRefExoticComponent<Omit<LucideProps, "ref"> & RefAttributes<SVGSVGElement>>; label: string; href: string; }'.
components/client/e-cards/ECardFlip.tsx(200,14): error TS2304: Cannot find name 'EmailECardModal'.
components/client/e-cards/ECardFlip.tsx(201,25): error TS2304: Cannot find name 'isEmailModalOpen'.
components/client/e-cards/ECardFlip.tsx(202,32): error TS2304: Cannot find name 'setIsEmailModalOpen'.
components/client/purchases/PlanCard.tsx(9,11): error TS2304: Cannot find name 'PurchasedPlan'.
components/client/purchases/PlanCard.tsx(129,49): error TS7006: Parameter 'benefit' implicitly has an 'any' type.
components/client/ServiceRequestForm.tsx(112,34): error TS2367: This comparison appears to be unintentional because the types 'FieldError | undefined' and 'string' have no overlap.
components/client/ServiceRequestForm.tsx(112,103): error TS2339: Property 'testNames' does not exist on type 'FieldErrors<{ memberId: string; agreedToTerms: boolean; type: "diagnostic"; testNames: string[]; collectionType: "home" | "center"; preferredDate: string; preferredTimeSlot: string; collectionAddress?: string | undefined; } | { ...; } | { ...; }>'.
  Property 'testNames' does not exist on type 'Partial<FieldErrorsImpl<{ memberId: string; agreedToTerms: boolean; type: "medicine"; deliveryType: NonNullable<"home" | "pickup">; prescriptionFile: any; deliveryAddress: string; pincode: string; city: string; }>> & { ...; }'.
components/client/ServiceRequestForm.tsx(113,96): error TS2339: Property 'testNames' does not exist on type 'FieldErrors<{ memberId: string; agreedToTerms: boolean; type: "diagnostic"; testNames: string[]; collectionType: "home" | "center"; preferredDate: string; preferredTimeSlot: string; collectionAddress?: string | undefined; } | { ...; } | { ...; }>'.
  Property 'testNames' does not exist on type 'Partial<FieldErrorsImpl<{ memberId: string; agreedToTerms: boolean; type: "medicine"; deliveryType: NonNullable<"home" | "pickup">; prescriptionFile: any; deliveryAddress: string; pincode: string; city: string; }>> & { ...; }'.
components/client/services/AmbulanceBookingWizard.tsx(198,36): error TS2304: Cannot find name 'cn'.
